Notice: Unable to find 'robot.ini',
Using basic KAREL support files.
KTRANS Version V8.33 (Build 25  10/28/2024)
Copyright (C) FANUC America Corporation, 1985 through 2014.
All Rights Reserved.



C:\~LocalWork\Repos\Programming\KarelPCDecompile\WorkingData\Karel Feature Set\PC\V8.33\type_matrix_operator\rt\kt00022\304f173d\kt00022.kl(11)
  11 Y1[1]=2
      ^ ERROR
Id must be defined before this use.  Id: Y1

C:\~LocalWork\Repos\Programming\KarelPCDecompile\WorkingData\Karel Feature Set\PC\V8.33\type_matrix_operator\rt\kt00022\304f173d\kt00022.kl(12)
  12 Y2[1]=3
      ^ ERROR
Id must be defined before this use.  Id: Y2

C:\~LocalWork\Repos\Programming\KarelPCDecompile\WorkingData\Karel Feature Set\PC\V8.33\type_matrix_operator\rt\kt00022\304f173d\kt00022.kl(13)
  13 Y1[1]=2
      ^ ERROR
Id must be defined before this use.  Id: Y1

C:\~LocalWork\Repos\Programming\KarelPCDecompile\WorkingData\Karel Feature Set\PC\V8.33\type_matrix_operator\rt\kt00022\304f173d\kt00022.kl(14)
  14 Y2[1]=3
      ^ ERROR
Id must be defined before this use.  Id: Y2


===============Translation not successful===============
Error executing KTrans: Error translating program: Code: 0xFFFFFFFF:  
