Notice: Unable to find 'robot.ini',
Using basic KAREL support files.
KTRANS Version V8.33 (Build 25  10/28/2024)
Copyright (C) FANUC America Corporation, 1985 through 2014.
All Rights Reserved.



C:\~LocalWork\Repos\Programming\KarelPCDecompile\WorkingData\Karel Feature Set\PC\V8.33\Probes4\CallsReturns\rt\CA0046\1316d493\ca0046.kl(17)
  17 ROUTINE F(P1 : ARRAY[*] OF INTEGER; P2 : ARRAY[*] OF REAL; P3 : TYPE_0x1100; P4 : XYZWPR; P5 : TYPE_0x0013; P6 : ARRAY[*] OF INTEGER; P7 : ARRAY[*] OF REAL; P8 : TYPE_0x1100; P9 : XYZWPR; P10 : TYPE_0x0013; P11 : ARRAY[*] OF INTEGER;
                                                                               ^ ERROR
Id is undefined, it must be defined before use in a TYPE section.  Id: TYPE_0X1100

C:\~LocalWork\Repos\Programming\KarelPCDecompile\WorkingData\Karel Feature Set\PC\V8.33\Probes4\CallsReturns\rt\CA0046\1316d493\ca0046.kl(17)
  17 ROUTINE F(P1 : ARRAY[*] OF INTEGER; P2 : ARRAY[*] OF REAL; P3 : TYPE_0x1100; P4 : XYZWPR; P5 : TYPE_0x0013; P6 : ARRAY[*] OF INTEGER; P7 : ARRAY[*] OF REAL; P8 : TYPE_0x1100; P9 : XYZWPR; P10 : TYPE_0x0013; P11 : ARRAY[*] OF INTEGER;
                                                                                                              ^ ERROR
Id is undefined, it must be defined before use in a TYPE section.  Id: TYPE_0X0013

C:\~LocalWork\Repos\Programming\KarelPCDecompile\WorkingData\Karel Feature Set\PC\V8.33\Probes4\CallsReturns\rt\CA0046\1316d493\ca0046.kl(17)
  17 ROUTINE F(P1 : ARRAY[*] OF INTEGER; P2 : ARRAY[*] OF REAL; P3 : TYPE_0x1100; P4 : XYZWPR; P5 : TYPE_0x0013; P6 : ARRAY[*] OF INTEGER; P7 : ARRAY[*] OF REAL; P8 : TYPE_0x1100; P9 : XYZWPR; P10 : TYPE_0x0013; P11 : ARRAY[*] OF INTEGER;
                                                                                                                                                                                 ^ ERROR
Id is undefined, it must be defined before use in a TYPE section.  Id: TYPE_0X1100

C:\~LocalWork\Repos\Programming\KarelPCDecompile\WorkingData\Karel Feature Set\PC\V8.33\Probes4\CallsReturns\rt\CA0046\1316d493\ca0046.kl(17)
  17 ROUTINE F(P1 : ARRAY[*] OF INTEGER; P2 : ARRAY[*] OF REAL; P3 : TYPE_0x1100; P4 : XYZWPR; P5 : TYPE_0x0013; P6 : ARRAY[*] OF INTEGER; P7 : ARRAY[*] OF REAL; P8 : TYPE_0x1100; P9 : XYZWPR; P10 : TYPE_0x0013; P11 : ARRAY[*] OF INTEGER;
                                                                                                                                                                                                                 ^ ERROR
Id is undefined, it must be defined before use in a TYPE section.  Id: TYPE_0X0013

C:\~LocalWork\Repos\Programming\KarelPCDecompile\WorkingData\Karel Feature Set\PC\V8.33\Probes4\CallsReturns\rt\CA0046\1316d493\ca0046.kl(18)
  18 P12 : ARRAY[*] OF REAL; P13 : TYPE_0x1100; P14 : XYZWPR; P15 : TYPE_0x0013; P16 : ARRAY[*] OF INTEGER; P17 : ARRAY[*] OF REAL; P18 : TYPE_0x1100; P19 : XYZWPR; P20 : TYPE_0x0013; P21 : ARRAY[*] OF INTEGER;
                                             ^ ERROR
Id is undefined, it must be defined before use in a TYPE section.  Id: TYPE_0X1100

C:\~LocalWork\Repos\Programming\KarelPCDecompile\WorkingData\Karel Feature Set\PC\V8.33\Probes4\CallsReturns\rt\CA0046\1316d493\ca0046.kl(18)
  18 P12 : ARRAY[*] OF REAL; P13 : TYPE_0x1100; P14 : XYZWPR; P15 : TYPE_0x0013; P16 : ARRAY[*] OF INTEGER; P17 : ARRAY[*] OF REAL; P18 : TYPE_0x1100; P19 : XYZWPR; P20 : TYPE_0x0013; P21 : ARRAY[*] OF INTEGER;
                                                                              ^ ERROR
Id is undefined, it must be defined before use in a TYPE section.  Id: TYPE_0X0013

C:\~LocalWork\Repos\Programming\KarelPCDecompile\WorkingData\Karel Feature Set\PC\V8.33\Probes4\CallsReturns\rt\CA0046\1316d493\ca0046.kl(18)
  18 P12 : ARRAY[*] OF REAL; P13 : TYPE_0x1100; P14 : XYZWPR; P15 : TYPE_0x0013; P16 : ARRAY[*] OF INTEGER; P17 : ARRAY[*] OF REAL; P18 : TYPE_0x1100; P19 : XYZWPR; P20 : TYPE_0x0013; P21 : ARRAY[*] OF INTEGER;
                                                                                                                                                    ^ ERROR
Id is undefined, it must be defined before use in a TYPE section.  Id: TYPE_0X1100

C:\~LocalWork\Repos\Programming\KarelPCDecompile\WorkingData\Karel Feature Set\PC\V8.33\Probes4\CallsReturns\rt\CA0046\1316d493\ca0046.kl(18)
  18 P12 : ARRAY[*] OF REAL; P13 : TYPE_0x1100; P14 : XYZWPR; P15 : TYPE_0x0013; P16 : ARRAY[*] OF INTEGER; P17 : ARRAY[*] OF REAL; P18 : TYPE_0x1100; P19 : XYZWPR; P20 : TYPE_0x0013; P21 : ARRAY[*] OF INTEGER;
                                                                                                                                                                                     ^ ERROR
Id is undefined, it must be defined before use in a TYPE section.  Id: TYPE_0X0013

C:\~LocalWork\Repos\Programming\KarelPCDecompile\WorkingData\Karel Feature Set\PC\V8.33\Probes4\CallsReturns\rt\CA0046\1316d493\ca0046.kl(19)
  19 P22 : ARRAY[*] OF REAL; P23 : TYPE_0x1100; P24 : XYZWPR) FROM CA0046
                                             ^ ERROR
Id is undefined, it must be defined before use in a TYPE section.  Id: TYPE_0X1100

C:\~LocalWork\Repos\Programming\KarelPCDecompile\WorkingData\Karel Feature Set\PC\V8.33\Probes4\CallsReturns\rt\CA0046\1316d493\ca0046.kl(32)
  32 ST.A=5
      ^ ERROR
Id must be defined before this use.  Id: ST

C:\~LocalWork\Repos\Programming\KarelPCDecompile\WorkingData\Karel Feature Set\PC\V8.33\Probes4\CallsReturns\rt\CA0046\1316d493\ca0046.kl(33)
  33 ST.B=1087373312
      ^ ERROR
Id must be defined before this use.  Id: ST

C:\~LocalWork\Repos\Programming\KarelPCDecompile\WorkingData\Karel Feature Set\PC\V8.33\Probes4\CallsReturns\rt\CA0046\1316d493\ca0046.kl(34)
  34 F(AI,AR,ST,P,V,AI,AR,ST,P,V,AI,AR,ST,P,V,AI,AR,ST,P,V,AI,AR,ST,P)
              ^ ERROR
Id must be defined before this use.  Id: ST

C:\~LocalWork\Repos\Programming\KarelPCDecompile\WorkingData\Karel Feature Set\PC\V8.33\Probes4\CallsReturns\rt\CA0046\1316d493\ca0046.kl(34)
  34 F(AI,AR,ST,P,V,AI,AR,ST,P,V,AI,AR,ST,P,V,AI,AR,ST,P,V,AI,AR,ST,P)
                  ^ ERROR
Id must be defined before this use.  Id: V

C:\~LocalWork\Repos\Programming\KarelPCDecompile\WorkingData\Karel Feature Set\PC\V8.33\Probes4\CallsReturns\rt\CA0046\1316d493\ca0046.kl(34)
  34 F(AI,AR,ST,P,V,AI,AR,ST,P,V,AI,AR,ST,P,V,AI,AR,ST,P,V,AI,AR,ST,P)
                           ^ ERROR
Id must be defined before this use.  Id: ST

C:\~LocalWork\Repos\Programming\KarelPCDecompile\WorkingData\Karel Feature Set\PC\V8.33\Probes4\CallsReturns\rt\CA0046\1316d493\ca0046.kl(34)
  34 F(AI,AR,ST,P,V,AI,AR,ST,P,V,AI,AR,ST,P,V,AI,AR,ST,P,V,AI,AR,ST,P)
                               ^ ERROR
Id must be defined before this use.  Id: V

C:\~LocalWork\Repos\Programming\KarelPCDecompile\WorkingData\Karel Feature Set\PC\V8.33\Probes4\CallsReturns\rt\CA0046\1316d493\ca0046.kl(34)
  34 F(AI,AR,ST,P,V,AI,AR,ST,P,V,AI,AR,ST,P,V,AI,AR,ST,P,V,AI,AR,ST,P)
                                        ^ ERROR
Id must be defined before this use.  Id: ST

C:\~LocalWork\Repos\Programming\KarelPCDecompile\WorkingData\Karel Feature Set\PC\V8.33\Probes4\CallsReturns\rt\CA0046\1316d493\ca0046.kl(34)
  34 F(AI,AR,ST,P,V,AI,AR,ST,P,V,AI,AR,ST,P,V,AI,AR,ST,P,V,AI,AR,ST,P)
                                            ^ ERROR
Id must be defined before this use.  Id: V

C:\~LocalWork\Repos\Programming\KarelPCDecompile\WorkingData\Karel Feature Set\PC\V8.33\Probes4\CallsReturns\rt\CA0046\1316d493\ca0046.kl(34)
  34 F(AI,AR,ST,P,V,AI,AR,ST,P,V,AI,AR,ST,P,V,AI,AR,ST,P,V,AI,AR,ST,P)
                                                     ^ ERROR
Id must be defined before this use.  Id: ST

C:\~LocalWork\Repos\Programming\KarelPCDecompile\WorkingData\Karel Feature Set\PC\V8.33\Probes4\CallsReturns\rt\CA0046\1316d493\ca0046.kl(34)
  34 F(AI,AR,ST,P,V,AI,AR,ST,P,V,AI,AR,ST,P,V,AI,AR,ST,P,V,AI,AR,ST,P)
                                                         ^ ERROR
Id must be defined before this use.  Id: V

C:\~LocalWork\Repos\Programming\KarelPCDecompile\WorkingData\Karel Feature Set\PC\V8.33\Probes4\CallsReturns\rt\CA0046\1316d493\ca0046.kl(34)
  34 F(AI,AR,ST,P,V,AI,AR,ST,P,V,AI,AR,ST,P,V,AI,AR,ST,P,V,AI,AR,ST,P)
                                                                  ^ ERROR
Id must be defined before this use.  Id: ST


===============Translation not successful===============
Error executing KTrans: Error translating program: Code: 0xFFFFFFFF:  
