Notice: Unable to find 'robot.ini',
Using basic KAREL support files.
KTRANS Version V8.33 (Build 25  10/28/2024)
Copyright (C) FANUC America Corporation, 1985 through 2014.
All Rights Reserved.



C:\~LocalWork\Repos\Programming\KarelPCDecompile\WorkingData\Probe Samples\PC\V8.33\ThirdPartyFeatures\rt\tf0014\31f96f7a\tf0014.kl(14)
  14 CASE(1):
     ^ ERROR
Invalid statement or "ENDxxx" or "UNTIL" expected.

C:\~LocalWork\Repos\Programming\KarelPCDecompile\WorkingData\Probe Samples\PC\V8.33\ThirdPartyFeatures\rt\tf0014\31f96f7a\tf0014.kl(14)
  14 CASE(1):
     ^ ERROR
Invalid statement. ";" or new line expected.

C:\~LocalWork\Repos\Programming\KarelPCDecompile\WorkingData\Probe Samples\PC\V8.33\ThirdPartyFeatures\rt\tf0014\31f96f7a\tf0014.kl(14)
  14 CASE(1):
         ^ ERROR
Invalid statement. ";" or new line expected.

C:\~LocalWork\Repos\Programming\KarelPCDecompile\WorkingData\Probe Samples\PC\V8.33\ThirdPartyFeatures\rt\tf0014\31f96f7a\tf0014.kl(14)
  14 CASE(1):
          ^ ERROR
Invalid statement. ";" or new line expected.

C:\~LocalWork\Repos\Programming\KarelPCDecompile\WorkingData\Probe Samples\PC\V8.33\ThirdPartyFeatures\rt\tf0014\31f96f7a\tf0014.kl(14)
  14 CASE(1):
           ^ ERROR
Invalid statement. ";" or new line expected.

C:\~LocalWork\Repos\Programming\KarelPCDecompile\WorkingData\Probe Samples\PC\V8.33\ThirdPartyFeatures\rt\tf0014\31f96f7a\tf0014.kl(14)
  14 CASE(1):
            ^ ERROR
Invalid statement. ";" or new line expected.

C:\~LocalWork\Repos\Programming\KarelPCDecompile\WorkingData\Probe Samples\PC\V8.33\ThirdPartyFeatures\rt\tf0014\31f96f7a\tf0014.kl(16)
  16 CASE(2):
     ^ ERROR
Invalid statement or "ENDxxx" or "UNTIL" expected.

C:\~LocalWork\Repos\Programming\KarelPCDecompile\WorkingData\Probe Samples\PC\V8.33\ThirdPartyFeatures\rt\tf0014\31f96f7a\tf0014.kl(16)
  16 CASE(2):
         ^ ERROR
Invalid statement. ";" or new line expected.

C:\~LocalWork\Repos\Programming\KarelPCDecompile\WorkingData\Probe Samples\PC\V8.33\ThirdPartyFeatures\rt\tf0014\31f96f7a\tf0014.kl(16)
  16 CASE(2):
          ^ ERROR
Invalid statement. ";" or new line expected.

C:\~LocalWork\Repos\Programming\KarelPCDecompile\WorkingData\Probe Samples\PC\V8.33\ThirdPartyFeatures\rt\tf0014\31f96f7a\tf0014.kl(16)
  16 CASE(2):
           ^ ERROR
Invalid statement. ";" or new line expected.

C:\~LocalWork\Repos\Programming\KarelPCDecompile\WorkingData\Probe Samples\PC\V8.33\ThirdPartyFeatures\rt\tf0014\31f96f7a\tf0014.kl(16)
  16 CASE(2):
            ^ ERROR
Invalid statement. ";" or new line expected.

C:\~LocalWork\Repos\Programming\KarelPCDecompile\WorkingData\Probe Samples\PC\V8.33\ThirdPartyFeatures\rt\tf0014\31f96f7a\tf0014.kl(18)
  18 ELSE:
     ^ ERROR
Invalid statement or "ENDxxx" or "UNTIL" expected.

C:\~LocalWork\Repos\Programming\KarelPCDecompile\WorkingData\Probe Samples\PC\V8.33\ThirdPartyFeatures\rt\tf0014\31f96f7a\tf0014.kl(18)
  18 ELSE:
     ^ ERROR
";" or new line expected.

C:\~LocalWork\Repos\Programming\KarelPCDecompile\WorkingData\Probe Samples\PC\V8.33\ThirdPartyFeatures\rt\tf0014\31f96f7a\tf0014.kl(18)
  18 ELSE:
         ^ ERROR
Invalid statement or "ENDxxx" or "UNTIL" expected.

C:\~LocalWork\Repos\Programming\KarelPCDecompile\WorkingData\Probe Samples\PC\V8.33\ThirdPartyFeatures\rt\tf0014\31f96f7a\tf0014.kl(20)
  20 ENDSELECT
     ^ ERROR
Invalid statement or "ENDxxx" or "UNTIL" expected.

C:\~LocalWork\Repos\Programming\KarelPCDecompile\WorkingData\Probe Samples\PC\V8.33\ThirdPartyFeatures\rt\tf0014\31f96f7a\tf0014.kl(20)
  20 ENDSELECT
     ^ ERROR
Invalid statement. ";" or new line expected.

C:\~LocalWork\Repos\Programming\KarelPCDecompile\WorkingData\Probe Samples\PC\V8.33\ThirdPartyFeatures\rt\tf0014\31f96f7a\tf0014.kl(21)
  21 ELSE:
     ^ ERROR
Invalid statement or "ENDxxx" or "UNTIL" expected.

C:\~LocalWork\Repos\Programming\KarelPCDecompile\WorkingData\Probe Samples\PC\V8.33\ThirdPartyFeatures\rt\tf0014\31f96f7a\tf0014.kl(21)
  21 ELSE:
         ^ ERROR
Invalid statement. ";" or new line expected.

C:\~LocalWork\Repos\Programming\KarelPCDecompile\WorkingData\Probe Samples\PC\V8.33\ThirdPartyFeatures\rt\tf0014\31f96f7a\tf0014.kl(23)
  23 ENDSELECT
     ^ ERROR
Invalid statement or "ENDxxx" or "UNTIL" expected.

C:\~LocalWork\Repos\Programming\KarelPCDecompile\WorkingData\Probe Samples\PC\V8.33\ThirdPartyFeatures\rt\tf0014\31f96f7a\tf0014.kl(23)
  23 ENDSELECT
     ^ ERROR
Invalid statement. ";" or new line expected.


===============Translation not successful===============
Error executing KTrans: Error translating program: Code: 0xFFFFFFFF:  
