Notice: Unable to find 'robot.ini',
Using basic KAREL support files.
KTRANS Version V8.33 (Build 25  10/28/2024)
Copyright (C) FANUC America Corporation, 1985 through 2014.
All Rights Reserved.



C:\~LocalWork\Repos\Programming\KarelPCDecompile\WorkingData\Karel Feature Set\PC\V8.33\Probes4\CallsReturns\rt\CA0099\5dc66e75\ca0099.kl(17)
  17 ROUTINE F(P1 : TYPE_0x1100) FROM CA0099
                              ^ ERROR
Id is undefined, it must be defined before use in a TYPE section.  Id: TYPE_0X1100

C:\~LocalWork\Repos\Programming\KarelPCDecompile\WorkingData\Karel Feature Set\PC\V8.33\Probes4\CallsReturns\rt\CA0099\5dc66e75\ca0099.kl(30)
  30 ST.A=5
      ^ ERROR
Id must be defined before this use.  Id: ST

C:\~LocalWork\Repos\Programming\KarelPCDecompile\WorkingData\Karel Feature Set\PC\V8.33\Probes4\CallsReturns\rt\CA0099\5dc66e75\ca0099.kl(31)
  31 ST.B=1087373312
      ^ ERROR
Id must be defined before this use.  Id: ST

C:\~LocalWork\Repos\Programming\KarelPCDecompile\WorkingData\Karel Feature Set\PC\V8.33\Probes4\CallsReturns\rt\CA0099\5dc66e75\ca0099.kl(32)
  32 F(ST)
        ^ ERROR
Id must be defined before this use.  Id: ST


===============Translation not successful===============
Error executing KTrans: Error translating program: Code: 0xFFFFFFFF:  
