Notice: Unable to find 'robot.ini',
Using basic KAREL support files.
KTRANS Version V8.33 (Build 25  10/28/2024)
Copyright (C) FANUC America Corporation, 1985 through 2014.
All Rights Reserved.



C:\~LocalWork\Repos\Programming\KarelPCDecompile\WorkingData\Karel Feature Set\PC\V8.33\Probes4\Conditions\rt\CE0136\903c14dc\ce0136.kl(48)
  48 ELSE
     ^ ERROR
Invalid statement or "ENDxxx" or "UNTIL" expected.

C:\~LocalWork\Repos\Programming\KarelPCDecompile\WorkingData\Karel Feature Set\PC\V8.33\Probes4\Conditions\rt\CE0136\903c14dc\ce0136.kl(48)
  48 ELSE
     ^ ERROR
";" or new line expected.

C:\~LocalWork\Repos\Programming\KarelPCDecompile\WorkingData\Karel Feature Set\PC\V8.33\Probes4\Conditions\rt\CE0136\903c14dc\ce0136.kl(50)
  50 ENDIF
     ^ ERROR
Invalid statement or "ENDxxx" or "UNTIL" expected.

C:\~LocalWork\Repos\Programming\KarelPCDecompile\WorkingData\Karel Feature Set\PC\V8.33\Probes4\Conditions\rt\CE0136\903c14dc\ce0136.kl(50)
  50 ENDIF
     ^ ERROR
Invalid statement. ";" or new line expected.


===============Translation not successful===============
Error executing KTrans: Error translating program: Code: 0xFFFFFFFF:  
