Notice: Unable to find 'robot.ini',
Using basic KAREL support files.
KTRANS Version V8.33 (Build 25  10/28/2024)
Copyright (C) FANUC America Corporation, 1985 through 2014.
All Rights Reserved.



C:\~LocalWork\Repos\Programming\KarelPCDecompile\WorkingData\Probe Samples\PC\V8.33\WIP972Frontier\rt\dx0039\3f1f5ecc\dx0039.kl(17)
  17 CASE(1):
     ^ ERROR
Invalid statement or "ENDxxx" or "UNTIL" expected.

C:\~LocalWork\Repos\Programming\KarelPCDecompile\WorkingData\Probe Samples\PC\V8.33\WIP972Frontier\rt\dx0039\3f1f5ecc\dx0039.kl(17)
  17 CASE(1):
     ^ ERROR
Invalid statement. ";" or new line expected.

C:\~LocalWork\Repos\Programming\KarelPCDecompile\WorkingData\Probe Samples\PC\V8.33\WIP972Frontier\rt\dx0039\3f1f5ecc\dx0039.kl(17)
  17 CASE(1):
         ^ ERROR
Invalid statement. ";" or new line expected.

C:\~LocalWork\Repos\Programming\KarelPCDecompile\WorkingData\Probe Samples\PC\V8.33\WIP972Frontier\rt\dx0039\3f1f5ecc\dx0039.kl(17)
  17 CASE(1):
          ^ ERROR
Invalid statement. ";" or new line expected.

C:\~LocalWork\Repos\Programming\KarelPCDecompile\WorkingData\Probe Samples\PC\V8.33\WIP972Frontier\rt\dx0039\3f1f5ecc\dx0039.kl(17)
  17 CASE(1):
           ^ ERROR
Invalid statement. ";" or new line expected.

C:\~LocalWork\Repos\Programming\KarelPCDecompile\WorkingData\Probe Samples\PC\V8.33\WIP972Frontier\rt\dx0039\3f1f5ecc\dx0039.kl(17)
  17 CASE(1):
            ^ ERROR
Invalid statement. ";" or new line expected.

C:\~LocalWork\Repos\Programming\KarelPCDecompile\WorkingData\Probe Samples\PC\V8.33\WIP972Frontier\rt\dx0039\3f1f5ecc\dx0039.kl(21)
  21 ELSE:
     ^ ERROR
Invalid statement or "ENDxxx" or "UNTIL" expected.

C:\~LocalWork\Repos\Programming\KarelPCDecompile\WorkingData\Probe Samples\PC\V8.33\WIP972Frontier\rt\dx0039\3f1f5ecc\dx0039.kl(21)
  21 ELSE:
     ^ ERROR
";" or new line expected.

C:\~LocalWork\Repos\Programming\KarelPCDecompile\WorkingData\Probe Samples\PC\V8.33\WIP972Frontier\rt\dx0039\3f1f5ecc\dx0039.kl(21)
  21 ELSE:
         ^ ERROR
Invalid statement or "ENDxxx" or "UNTIL" expected.

C:\~LocalWork\Repos\Programming\KarelPCDecompile\WorkingData\Probe Samples\PC\V8.33\WIP972Frontier\rt\dx0039\3f1f5ecc\dx0039.kl(23)
  23 ENDSELECT
     ^ ERROR
Invalid statement or "ENDxxx" or "UNTIL" expected.

C:\~LocalWork\Repos\Programming\KarelPCDecompile\WorkingData\Probe Samples\PC\V8.33\WIP972Frontier\rt\dx0039\3f1f5ecc\dx0039.kl(23)
  23 ENDSELECT
     ^ ERROR
Invalid statement. ";" or new line expected.


===============Translation not successful===============
Error executing KTrans: Error translating program: Code: 0xFFFFFFFF:  
