Notice: Unable to find 'robot.ini',
Using basic KAREL support files.
KTRANS Version V8.33 (Build 25  10/28/2024)
Copyright (C) FANUC America Corporation, 1985 through 2014.
All Rights Reserved.



C:\~LocalWork\Repos\Programming\KarelPCDecompile\WorkingData\Karel Feature Set\PC\V8.33\Probes4\CallsReturns\rt\CA0066\25dfea34\ca0066.kl(17)
  17 ROUTINE F(P1 : INTEGER; P2 : REAL; P3 : BOOLEAN; P4 : STRING; P5 : ARRAY[*] OF INTEGER; P6 : ARRAY[*] OF REAL; P7 : TYPE_0x1100; P8 : XYZWPR; P9 : TYPE_0x0013; P10 : INTEGER; P11 : REAL; P12 : BOOLEAN; P13 : STRING;
                                                                                                                                   ^ ERROR
Id is undefined, it must be defined before use in a TYPE section.  Id: TYPE_0X1100

C:\~LocalWork\Repos\Programming\KarelPCDecompile\WorkingData\Karel Feature Set\PC\V8.33\Probes4\CallsReturns\rt\CA0066\25dfea34\ca0066.kl(17)
  17 ROUTINE F(P1 : INTEGER; P2 : REAL; P3 : BOOLEAN; P4 : STRING; P5 : ARRAY[*] OF INTEGER; P6 : ARRAY[*] OF REAL; P7 : TYPE_0x1100; P8 : XYZWPR; P9 : TYPE_0x0013; P10 : INTEGER; P11 : REAL; P12 : BOOLEAN; P13 : STRING;
                                                                                                                                                                  ^ ERROR
Id is undefined, it must be defined before use in a TYPE section.  Id: TYPE_0X0013

C:\~LocalWork\Repos\Programming\KarelPCDecompile\WorkingData\Karel Feature Set\PC\V8.33\Probes4\CallsReturns\rt\CA0066\25dfea34\ca0066.kl(18)
  18 P14 : ARRAY[*] OF INTEGER; P15 : ARRAY[*] OF REAL; P16 : TYPE_0x1100) FROM CA0066
                                                                        ^ ERROR
Id is undefined, it must be defined before use in a TYPE section.  Id: TYPE_0X1100

C:\~LocalWork\Repos\Programming\KarelPCDecompile\WorkingData\Karel Feature Set\PC\V8.33\Probes4\CallsReturns\rt\CA0066\25dfea34\ca0066.kl(31)
  31 ST.A=5
      ^ ERROR
Id must be defined before this use.  Id: ST

C:\~LocalWork\Repos\Programming\KarelPCDecompile\WorkingData\Karel Feature Set\PC\V8.33\Probes4\CallsReturns\rt\CA0066\25dfea34\ca0066.kl(32)
  32 ST.B=1087373312
      ^ ERROR
Id must be defined before this use.  Id: ST


===============Translation not successful===============
Error executing KTrans: Error translating program: Code: 0xFFFFFFFF:  
