Notice: Unable to find 'robot.ini',
Using basic KAREL support files.
KTRANS Version V8.33 (Build 25  10/28/2024)
Copyright (C) FANUC America Corporation, 1985 through 2014.
All Rights Reserved.



C:\~LocalWork\Repos\Programming\KarelPCDecompile\WorkingData\Probe Samples\PC\V8.33\WIP972Frontier\rt\dx0069\9386ab74\dx0069.kl(12)
  12 CASE(1):
     ^ ERROR
Invalid statement or "ENDxxx" or "UNTIL" expected.

C:\~LocalWork\Repos\Programming\KarelPCDecompile\WorkingData\Probe Samples\PC\V8.33\WIP972Frontier\rt\dx0069\9386ab74\dx0069.kl(12)
  12 CASE(1):
     ^ ERROR
Invalid statement. ";" or new line expected.

C:\~LocalWork\Repos\Programming\KarelPCDecompile\WorkingData\Probe Samples\PC\V8.33\WIP972Frontier\rt\dx0069\9386ab74\dx0069.kl(12)
  12 CASE(1):
         ^ ERROR
Invalid statement. ";" or new line expected.

C:\~LocalWork\Repos\Programming\KarelPCDecompile\WorkingData\Probe Samples\PC\V8.33\WIP972Frontier\rt\dx0069\9386ab74\dx0069.kl(12)
  12 CASE(1):
          ^ ERROR
Invalid statement. ";" or new line expected.

C:\~LocalWork\Repos\Programming\KarelPCDecompile\WorkingData\Probe Samples\PC\V8.33\WIP972Frontier\rt\dx0069\9386ab74\dx0069.kl(12)
  12 CASE(1):
           ^ ERROR
Invalid statement. ";" or new line expected.

C:\~LocalWork\Repos\Programming\KarelPCDecompile\WorkingData\Probe Samples\PC\V8.33\WIP972Frontier\rt\dx0069\9386ab74\dx0069.kl(12)
  12 CASE(1):
            ^ ERROR
Invalid statement. ";" or new line expected.

C:\~LocalWork\Repos\Programming\KarelPCDecompile\WorkingData\Probe Samples\PC\V8.33\WIP972Frontier\rt\dx0069\9386ab74\dx0069.kl(14)
  14 CASE(2):
     ^ ERROR
Invalid statement or "ENDxxx" or "UNTIL" expected.

C:\~LocalWork\Repos\Programming\KarelPCDecompile\WorkingData\Probe Samples\PC\V8.33\WIP972Frontier\rt\dx0069\9386ab74\dx0069.kl(14)
  14 CASE(2):
     ^ ERROR
Invalid statement. ";" or new line expected.

C:\~LocalWork\Repos\Programming\KarelPCDecompile\WorkingData\Probe Samples\PC\V8.33\WIP972Frontier\rt\dx0069\9386ab74\dx0069.kl(14)
  14 CASE(2):
         ^ ERROR
Invalid statement. ";" or new line expected.

C:\~LocalWork\Repos\Programming\KarelPCDecompile\WorkingData\Probe Samples\PC\V8.33\WIP972Frontier\rt\dx0069\9386ab74\dx0069.kl(14)
  14 CASE(2):
          ^ ERROR
Invalid statement. ";" or new line expected.

C:\~LocalWork\Repos\Programming\KarelPCDecompile\WorkingData\Probe Samples\PC\V8.33\WIP972Frontier\rt\dx0069\9386ab74\dx0069.kl(14)
  14 CASE(2):
           ^ ERROR
Invalid statement. ";" or new line expected.

C:\~LocalWork\Repos\Programming\KarelPCDecompile\WorkingData\Probe Samples\PC\V8.33\WIP972Frontier\rt\dx0069\9386ab74\dx0069.kl(14)
  14 CASE(2):
            ^ ERROR
Invalid statement. ";" or new line expected.

C:\~LocalWork\Repos\Programming\KarelPCDecompile\WorkingData\Probe Samples\PC\V8.33\WIP972Frontier\rt\dx0069\9386ab74\dx0069.kl(16)
  16 ELSE:
     ^ ERROR
Invalid statement or "ENDxxx" or "UNTIL" expected.

C:\~LocalWork\Repos\Programming\KarelPCDecompile\WorkingData\Probe Samples\PC\V8.33\WIP972Frontier\rt\dx0069\9386ab74\dx0069.kl(16)
  16 ELSE:
     ^ ERROR
";" or new line expected.

C:\~LocalWork\Repos\Programming\KarelPCDecompile\WorkingData\Probe Samples\PC\V8.33\WIP972Frontier\rt\dx0069\9386ab74\dx0069.kl(16)
  16 ELSE:
         ^ ERROR
Invalid statement or "ENDxxx" or "UNTIL" expected.

C:\~LocalWork\Repos\Programming\KarelPCDecompile\WorkingData\Probe Samples\PC\V8.33\WIP972Frontier\rt\dx0069\9386ab74\dx0069.kl(18)
  18 ENDSELECT
     ^ ERROR
Invalid statement or "ENDxxx" or "UNTIL" expected.

C:\~LocalWork\Repos\Programming\KarelPCDecompile\WorkingData\Probe Samples\PC\V8.33\WIP972Frontier\rt\dx0069\9386ab74\dx0069.kl(18)
  18 ENDSELECT
     ^ ERROR
Invalid statement. ";" or new line expected.


===============Translation not successful===============
Error executing KTrans: Error translating program: Code: 0xFFFFFFFF:  
